#-----------------------------------------------------------
# Vivado v2023.2 (64-bit)
# SW Build 4029153 on Fri Oct 13 20:14:34 MDT 2023
# IP Build 4028589 on Sat Oct 14 00:45:43 MDT 2023
# SharedData Build 4025554 on Tue Oct 10 17:18:54 MDT 2023
# Start of session at: Mon Jan  8 10:03:17 2024
# Process ID: 9028
# Current directory: C:/Users/Neutral/Documents/Untukjonathan/project_2
# Command line: vivado.exe -gui_launcher_event rodinguilauncherevent12704 C:\Users\Neutral\Documents\Untukjonathan\project_2\project_2.xpr
# Log file: C:/Users/Neutral/Documents/Untukjonathan/project_2/vivado.log
# Journal file: C:/Users/Neutral/Documents/Untukjonathan/project_2\vivado.jou
# Running On: LAPTOP-LJSKPGIK, OS: Windows, CPU Frequency: 3194 MHz, CPU Physical cores: 16, Host memory: 16476 MB
#-----------------------------------------------------------
start_gui
open_project C:/Users/Neutral/Documents/Untukjonathan/project_2/project_2.xpr
update_compile_order -fileset sources_1
synth_design -rtl -rtl_skip_mlo -name rtl_1
open_hw_manager
connect_hw_server -allow_non_jtag
open_hw_target
set_property PROGRAM.FILE {C:/Users/Neutral/Documents/Untukjonathan/project_2/project_2.runs/impl_1/PmodENC.bit} [get_hw_devices xc7a100t_0]
current_hw_device [get_hw_devices xc7a100t_0]
refresh_hw_device -update_hw_probes false [lindex [get_hw_devices xc7a100t_0] 0]
set_property PROBES.FILE {} [get_hw_devices xc7a100t_0]
set_property FULL_PROBES.FILE {} [get_hw_devices xc7a100t_0]
set_property PROGRAM.FILE {C:/Users/Neutral/Documents/Untukjonathan/project_2/project_2.runs/impl_1/PmodENC.bit} [get_hw_devices xc7a100t_0]
program_hw_devices [get_hw_devices xc7a100t_0]
refresh_hw_device [lindex [get_hw_devices xc7a100t_0] 0]
