Copyright 1986-2022 Xilinx, Inc. All Rights Reserved. Copyright 2022-2023 Advanced Micro Devices, Inc. All Rights Reserved.
------------------------------------------------------------------------------------------------------------------------------------------------------------------------------------------------------------------
| Tool Version : Vivado v.2023.2 (win64) Build 4029153 Fri Oct 13 20:14:34 MDT 2023
| Date         : Mon Jan  8 18:55:56 2024
| Host         : LAPTOP-LJSKPGIK running 64-bit major release  (build 9200)
| Command      : report_timing_summary -max_paths 10 -report_unconstrained -file PmodENC_timing_summary_routed.rpt -pb PmodENC_timing_summary_routed.pb -rpx PmodENC_timing_summary_routed.rpx -warn_on_violation
| Design       : PmodENC
| Device       : 7a100t-csg324
| Speed File   : -1  PRODUCTION 1.23 2018-06-13
| Design State : Routed
------------------------------------------------------------------------------------------------------------------------------------------------------------------------------------------------------------------

Timing Summary Report

------------------------------------------------------------------------------------------------
| Timer Settings
| --------------
------------------------------------------------------------------------------------------------

  Enable Multi Corner Analysis               :  Yes
  Enable Pessimism Removal                   :  Yes
  Pessimism Removal Resolution               :  Nearest Common Node
  Enable Input Delay Default Clock           :  No
  Enable Preset / Clear Arcs                 :  No
  Disable Flight Delays                      :  No
  Ignore I/O Paths                           :  No
  Timing Early Launch at Borrowing Latches   :  No
  Borrow Time for Max Delay Exceptions       :  Yes
  Merge Timing Exceptions                    :  Yes
  Inter-SLR Compensation                     :  Conservative

  Corner  Analyze    Analyze    
  Name    Max Paths  Min Paths  
  ------  ---------  ---------  
  Slow    Yes        Yes        
  Fast    Yes        Yes        


------------------------------------------------------------------------------------------------
| Report Methodology
| ------------------
------------------------------------------------------------------------------------------------

Rule       Severity          Description                     Violations  
---------  ----------------  ------------------------------  ----------  
TIMING-17  Critical Warning  Non-clocked sequential cell     48          
TIMING-20  Warning           Non-clocked latch               3           
LATCH-1    Advisory          Existing latches in the design  1           

Note: This report is based on the most recent report_methodology run and may not be up-to-date. Run report_methodology on the current design for the latest report.



check_timing report

Table of Contents
-----------------
1. checking no_clock (66)
2. checking constant_clock (0)
3. checking pulse_width_clock (0)
4. checking unconstrained_internal_endpoints (121)
5. checking no_input_delay (4)
6. checking no_output_delay (12)
7. checking multiple_clock (0)
8. checking generated_clocks (0)
9. checking loops (0)
10. checking partial_input_delay (0)
11. checking partial_output_delay (0)
12. checking latch_loops (0)

1. checking no_clock (66)
-------------------------
 There are 48 register/latch pins with no clock driven by root clock pin: clk (HIGH)

 There are 3 register/latch pins with no clock driven by root clock pin: C0/Aout_reg/Q (HIGH)

 There are 3 register/latch pins with no clock driven by root clock pin: C0/Bout_reg/Q (HIGH)

 There are 3 register/latch pins with no clock driven by root clock pin: C1/FSM_sequential_curState_reg[0]/Q (HIGH)

 There are 3 register/latch pins with no clock driven by root clock pin: C1/FSM_sequential_curState_reg[1]/Q (HIGH)

 There are 3 register/latch pins with no clock driven by root clock pin: C1/FSM_sequential_curState_reg[2]/Q (HIGH)

 There are 3 register/latch pins with no clock driven by root clock pin: C1/FSM_sequential_curState_reg[3]/Q (HIGH)


2. checking constant_clock (0)
------------------------------
 There are 0 register/latch pins with constant_clock.


3. checking pulse_width_clock (0)
---------------------------------
 There are 0 register/latch pins which need pulse_width check


4. checking unconstrained_internal_endpoints (121)
--------------------------------------------------
 There are 121 pins that are not constrained for maximum delay. (HIGH)

 There are 0 pins that are not constrained for maximum delay due to constant clock.


5. checking no_input_delay (4)
------------------------------
 There are 4 input ports with no input delay specified. (HIGH)

 There are 0 input ports with no input delay but user has a false path constraint.


6. checking no_output_delay (12)
--------------------------------
 There are 12 ports with no output delay specified. (HIGH)

 There are 0 ports with no output delay but user has a false path constraint

 There are 0 ports with no output delay but with a timing clock defined on it or propagating through it


7. checking multiple_clock (0)
------------------------------
 There are 0 register/latch pins with multiple clocks.


8. checking generated_clocks (0)
--------------------------------
 There are 0 generated clocks that are not connected to a clock source.


9. checking loops (0)
---------------------
 There are 0 combinational loops in the design.


10. checking partial_input_delay (0)
------------------------------------
 There are 0 input ports with partial input delay specified.


11. checking partial_output_delay (0)
-------------------------------------
 There are 0 ports with partial output delay specified.


12. checking latch_loops (0)
----------------------------
 There are 0 combinational latch loops in the design through latch input



------------------------------------------------------------------------------------------------
| Design Timing Summary
| ---------------------
------------------------------------------------------------------------------------------------

    WNS(ns)      TNS(ns)  TNS Failing Endpoints  TNS Total Endpoints      WHS(ns)      THS(ns)  THS Failing Endpoints  THS Total Endpoints     WPWS(ns)     TPWS(ns)  TPWS Failing Endpoints  TPWS Total Endpoints  
    -------      -------  ---------------------  -------------------      -------      -------  ---------------------  -------------------     --------     --------  ----------------------  --------------------  
        inf        0.000                      0                  133          inf        0.000                      0                  133           NA           NA                      NA                    NA  


There are no user specified timing constraints.


------------------------------------------------------------------------------------------------
| Clock Summary
| -------------
------------------------------------------------------------------------------------------------


------------------------------------------------------------------------------------------------
| Intra Clock Table
| -----------------
------------------------------------------------------------------------------------------------

Clock             WNS(ns)      TNS(ns)  TNS Failing Endpoints  TNS Total Endpoints      WHS(ns)      THS(ns)  THS Failing Endpoints  THS Total Endpoints     WPWS(ns)     TPWS(ns)  TPWS Failing Endpoints  TPWS Total Endpoints  
-----             -------      -------  ---------------------  -------------------      -------      -------  ---------------------  -------------------     --------     --------  ----------------------  --------------------  


------------------------------------------------------------------------------------------------
| Inter Clock Table
| -----------------
------------------------------------------------------------------------------------------------

From Clock    To Clock          WNS(ns)      TNS(ns)  TNS Failing Endpoints  TNS Total Endpoints      WHS(ns)      THS(ns)  THS Failing Endpoints  THS Total Endpoints  
----------    --------          -------      -------  ---------------------  -------------------      -------      -------  ---------------------  -------------------  


------------------------------------------------------------------------------------------------
| Other Path Groups Table
| -----------------------
------------------------------------------------------------------------------------------------

Path Group    From Clock    To Clock          WNS(ns)      TNS(ns)  TNS Failing Endpoints  TNS Total Endpoints      WHS(ns)      THS(ns)  THS Failing Endpoints  THS Total Endpoints  
----------    ----------    --------          -------      -------  ---------------------  -------------------      -------      -------  ---------------------  -------------------  


------------------------------------------------------------------------------------------------
| User Ignored Path Table
| -----------------------
------------------------------------------------------------------------------------------------

Path Group    From Clock    To Clock    
----------    ----------    --------    


------------------------------------------------------------------------------------------------
| Unconstrained Path Table
| ------------------------
------------------------------------------------------------------------------------------------

Path Group    From Clock    To Clock    
----------    ----------    --------    
(none)                                    


------------------------------------------------------------------------------------------------
| Timing Details
| --------------
------------------------------------------------------------------------------------------------


--------------------------------------------------------------------------------------
Path Group:  (none)
From Clock:  
  To Clock:  

Max Delay           133 Endpoints
Min Delay           133 Endpoints
--------------------------------------------------------------------------------------


Max Delay Paths
--------------------------------------------------------------------------------------
Slack:                    inf
  Source:                 C2/segOut_reg[1]/C
                            (rising edge-triggered cell FDRE)
  Destination:            seg[1]
                            (output port)
  Path Group:             (none)
  Path Type:              Max at Slow Process Corner
  Data Path Delay:        7.378ns  (logic 4.011ns (54.369%)  route 3.367ns (45.631%))
  Logic Levels:           2  (FDRE=1 OBUF=1)

    Location             Delay type                Incr(ns)  Path(ns)    Netlist Resource(s)
  -------------------------------------------------------------------    -------------------
    SLICE_X0Y99          FDRE                         0.000     0.000 r  C2/segOut_reg[1]/C
    SLICE_X0Y99          FDRE (Prop_fdre_C_Q)         0.456     0.456 r  C2/segOut_reg[1]/Q
                         net (fo=1, routed)           3.367     3.823    seg_OBUF[1]
    R10                  OBUF (Prop_obuf_I_O)         3.555     7.378 r  seg_OBUF[1]_inst/O
                         net (fo=0)                   0.000     7.378    seg[1]
    R10                                                               r  seg[1] (OUT)
  -------------------------------------------------------------------    -------------------

Slack:                    inf
  Source:                 C2/segOut_reg[5]/C
                            (rising edge-triggered cell FDSE)
  Destination:            seg[5]
                            (output port)
  Path Group:             (none)
  Path Type:              Max at Slow Process Corner
  Data Path Delay:        7.085ns  (logic 4.155ns (58.643%)  route 2.930ns (41.357%))
  Logic Levels:           2  (FDSE=1 OBUF=1)

    Location             Delay type                Incr(ns)  Path(ns)    Netlist Resource(s)
  -------------------------------------------------------------------    -------------------
    SLICE_X0Y99          FDSE                         0.000     0.000 r  C2/segOut_reg[5]/C
    SLICE_X0Y99          FDSE (Prop_fdse_C_Q)         0.419     0.419 r  C2/segOut_reg[5]/Q
                         net (fo=1, routed)           2.930     3.349    seg_OBUF[5]
    T11                  OBUF (Prop_obuf_I_O)         3.736     7.085 r  seg_OBUF[5]_inst/O
                         net (fo=0)                   0.000     7.085    seg[5]
    T11                                                               r  seg[5] (OUT)
  -------------------------------------------------------------------    -------------------

Slack:                    inf
  Source:                 C2/segOut_reg[0]/C
                            (rising edge-triggered cell FDSE)
  Destination:            seg[0]
                            (output port)
  Path Group:             (none)
  Path Type:              Max at Slow Process Corner
  Data Path Delay:        6.816ns  (logic 4.033ns (59.171%)  route 2.783ns (40.829%))
  Logic Levels:           2  (FDSE=1 OBUF=1)

    Location             Delay type                Incr(ns)  Path(ns)    Netlist Resource(s)
  -------------------------------------------------------------------    -------------------
    SLICE_X0Y99          FDSE                         0.000     0.000 r  C2/segOut_reg[0]/C
    SLICE_X0Y99          FDSE (Prop_fdse_C_Q)         0.456     0.456 r  C2/segOut_reg[0]/Q
                         net (fo=1, routed)           2.783     3.239    seg_OBUF[0]
    T10                  OBUF (Prop_obuf_I_O)         3.577     6.816 r  seg_OBUF[0]_inst/O
                         net (fo=0)                   0.000     6.816    seg[0]
    T10                                                               r  seg[0] (OUT)
  -------------------------------------------------------------------    -------------------

Slack:                    inf
  Source:                 C2/segOut_reg[4]/C
                            (rising edge-triggered cell FDSE)
  Destination:            seg[4]
                            (output port)
  Path Group:             (none)
  Path Type:              Max at Slow Process Corner
  Data Path Delay:        6.676ns  (logic 3.990ns (59.760%)  route 2.686ns (40.240%))
  Logic Levels:           2  (FDSE=1 OBUF=1)

    Location             Delay type                Incr(ns)  Path(ns)    Netlist Resource(s)
  -------------------------------------------------------------------    -------------------
    SLICE_X0Y99          FDSE                         0.000     0.000 r  C2/segOut_reg[4]/C
    SLICE_X0Y99          FDSE (Prop_fdse_C_Q)         0.456     0.456 r  C2/segOut_reg[4]/Q
                         net (fo=1, routed)           2.686     3.142    seg_OBUF[4]
    P15                  OBUF (Prop_obuf_I_O)         3.534     6.676 r  seg_OBUF[4]_inst/O
                         net (fo=0)                   0.000     6.676    seg[4]
    P15                                                               r  seg[4] (OUT)
  -------------------------------------------------------------------    -------------------

Slack:                    inf
  Source:                 C1/LED_reg[1]/G
                            (positive level-sensitive latch)
  Destination:            Led[1]
                            (output port)
  Path Group:             (none)
  Path Type:              Max at Slow Process Corner
  Data Path Delay:        6.617ns  (logic 4.083ns (61.703%)  route 2.534ns (38.297%))
  Logic Levels:           2  (LDCE=1 OBUF=1)

    Location             Delay type                Incr(ns)  Path(ns)    Netlist Resource(s)
  -------------------------------------------------------------------    -------------------
    SLICE_X1Y104         LDCE                         0.000     0.000 r  C1/LED_reg[1]/G
    SLICE_X1Y104         LDCE (EnToQ_ldce_G_Q)        0.559     0.559 r  C1/LED_reg[1]/Q
                         net (fo=1, routed)           2.534     3.093    Led_OBUF[1]
    N16                  OBUF (Prop_obuf_I_O)         3.524     6.617 r  Led_OBUF[1]_inst/O
                         net (fo=0)                   0.000     6.617    Led[1]
    N16                                                               r  Led[1] (OUT)
  -------------------------------------------------------------------    -------------------

Slack:                    inf
  Source:                 C1/LED_reg[2]/G
                            (positive level-sensitive latch)
  Destination:            Led[2]
                            (output port)
  Path Group:             (none)
  Path Type:              Max at Slow Process Corner
  Data Path Delay:        6.217ns  (logic 4.093ns (65.844%)  route 2.123ns (34.156%))
  Logic Levels:           2  (LDCE=1 OBUF=1)

    Location             Delay type                Incr(ns)  Path(ns)    Netlist Resource(s)
  -------------------------------------------------------------------    -------------------
    SLICE_X1Y104         LDCE                         0.000     0.000 r  C1/LED_reg[2]/G
    SLICE_X1Y104         LDCE (EnToQ_ldce_G_Q)        0.559     0.559 r  C1/LED_reg[2]/Q
                         net (fo=1, routed)           2.123     2.682    Led_OBUF[2]
    G14                  OBUF (Prop_obuf_I_O)         3.534     6.217 r  Led_OBUF[2]_inst/O
                         net (fo=0)                   0.000     6.217    Led[2]
    G14                                                               r  Led[2] (OUT)
  -------------------------------------------------------------------    -------------------

Slack:                    inf
  Source:                 C2/segOut_reg[3]/C
                            (rising edge-triggered cell FDSE)
  Destination:            seg[3]
                            (output port)
  Path Group:             (none)
  Path Type:              Max at Slow Process Corner
  Data Path Delay:        6.126ns  (logic 4.006ns (65.395%)  route 2.120ns (34.605%))
  Logic Levels:           2  (FDSE=1 OBUF=1)

    Location             Delay type                Incr(ns)  Path(ns)    Netlist Resource(s)
  -------------------------------------------------------------------    -------------------
    SLICE_X0Y99          FDSE                         0.000     0.000 r  C2/segOut_reg[3]/C
    SLICE_X0Y99          FDSE (Prop_fdse_C_Q)         0.456     0.456 r  C2/segOut_reg[3]/Q
                         net (fo=1, routed)           2.120     2.576    seg_OBUF[3]
    K13                  OBUF (Prop_obuf_I_O)         3.550     6.126 r  seg_OBUF[3]_inst/O
                         net (fo=0)                   0.000     6.126    seg[3]
    K13                                                               r  seg[3] (OUT)
  -------------------------------------------------------------------    -------------------

Slack:                    inf
  Source:                 C2/segOut_reg[6]/C
                            (rising edge-triggered cell FDSE)
  Destination:            seg[6]
                            (output port)
  Path Group:             (none)
  Path Type:              Max at Slow Process Corner
  Data Path Delay:        6.008ns  (logic 4.129ns (68.725%)  route 1.879ns (31.275%))
  Logic Levels:           2  (FDSE=1 OBUF=1)

    Location             Delay type                Incr(ns)  Path(ns)    Netlist Resource(s)
  -------------------------------------------------------------------    -------------------
    SLICE_X0Y99          FDSE                         0.000     0.000 r  C2/segOut_reg[6]/C
    SLICE_X0Y99          FDSE (Prop_fdse_C_Q)         0.419     0.419 r  C2/segOut_reg[6]/Q
                         net (fo=1, routed)           1.879     2.298    seg_OBUF[6]
    L18                  OBUF (Prop_obuf_I_O)         3.710     6.008 r  seg_OBUF[6]_inst/O
                         net (fo=0)                   0.000     6.008    seg[6]
    L18                                                               r  seg[6] (OUT)
  -------------------------------------------------------------------    -------------------

Slack:                    inf
  Source:                 C1/LED_reg[0]/G
                            (positive level-sensitive latch)
  Destination:            Led[0]
                            (output port)
  Path Group:             (none)
  Path Type:              Max at Slow Process Corner
  Data Path Delay:        5.989ns  (logic 4.100ns (68.460%)  route 1.889ns (31.540%))
  Logic Levels:           2  (LDCE=1 OBUF=1)

    Location             Delay type                Incr(ns)  Path(ns)    Netlist Resource(s)
  -------------------------------------------------------------------    -------------------
    SLICE_X1Y104         LDCE                         0.000     0.000 r  C1/LED_reg[0]/G
    SLICE_X1Y104         LDCE (EnToQ_ldce_G_Q)        0.559     0.559 r  C1/LED_reg[0]/Q
                         net (fo=1, routed)           1.889     2.448    Led_OBUF[0]
    R11                  OBUF (Prop_obuf_I_O)         3.541     5.989 r  Led_OBUF[0]_inst/O
                         net (fo=0)                   0.000     5.989    Led[0]
    R11                                                               r  Led[0] (OUT)
  -------------------------------------------------------------------    -------------------

Slack:                    inf
  Source:                 C2/anode_reg[1]/C
                            (rising edge-triggered cell FDPE)
  Destination:            an[1]
                            (output port)
  Path Group:             (none)
  Path Type:              Max at Slow Process Corner
  Data Path Delay:        5.801ns  (logic 4.130ns (71.194%)  route 1.671ns (28.806%))
  Logic Levels:           2  (FDPE=1 OBUF=1)

    Location             Delay type                Incr(ns)  Path(ns)    Netlist Resource(s)
  -------------------------------------------------------------------    -------------------
    SLICE_X0Y103         FDPE                         0.000     0.000 r  C2/anode_reg[1]/C
    SLICE_X0Y103         FDPE (Prop_fdpe_C_Q)         0.419     0.419 r  C2/anode_reg[1]/Q
                         net (fo=1, routed)           1.671     2.090    an_OBUF[1]
    J18                  OBUF (Prop_obuf_I_O)         3.711     5.801 r  an_OBUF[1]_inst/O
                         net (fo=0)                   0.000     5.801    an[1]
    J18                                                               r  an[1] (OUT)
  -------------------------------------------------------------------    -------------------





Min Delay Paths
--------------------------------------------------------------------------------------
Slack:                    inf
  Source:                 C0/sclk_reg[1]/C
                            (rising edge-triggered cell FDRE)
  Destination:            C0/sclk_reg[3]/D
  Path Group:             (none)
  Path Type:              Min at Fast Process Corner
  Data Path Delay:        0.316ns  (logic 0.186ns (58.843%)  route 0.130ns (41.157%))
  Logic Levels:           2  (FDRE=1 LUT4=1)

    Location             Delay type                Incr(ns)  Path(ns)    Netlist Resource(s)
  -------------------------------------------------------------------    -------------------
    SLICE_X4Y105         FDRE                         0.000     0.000 r  C0/sclk_reg[1]/C
    SLICE_X4Y105         FDRE (Prop_fdre_C_Q)         0.141     0.141 r  C0/sclk_reg[1]/Q
                         net (fo=7, routed)           0.130     0.271    C0/sclk_reg[1]
    SLICE_X5Y105         LUT4 (Prop_lut4_I0_O)        0.045     0.316 r  C0/sclk[3]_i_1/O
                         net (fo=1, routed)           0.000     0.316    C0/plusOp[3]
    SLICE_X5Y105         FDRE                                         r  C0/sclk_reg[3]/D
  -------------------------------------------------------------------    -------------------

Slack:                    inf
  Source:                 C0/sclk_reg[1]/C
                            (rising edge-triggered cell FDRE)
  Destination:            C0/sclk_reg[5]/D
  Path Group:             (none)
  Path Type:              Min at Fast Process Corner
  Data Path Delay:        0.317ns  (logic 0.186ns (58.657%)  route 0.131ns (41.343%))
  Logic Levels:           2  (FDRE=1 LUT6=1)

    Location             Delay type                Incr(ns)  Path(ns)    Netlist Resource(s)
  -------------------------------------------------------------------    -------------------
    SLICE_X4Y105         FDRE                         0.000     0.000 r  C0/sclk_reg[1]/C
    SLICE_X4Y105         FDRE (Prop_fdre_C_Q)         0.141     0.141 r  C0/sclk_reg[1]/Q
                         net (fo=7, routed)           0.131     0.272    C0/sclk_reg[1]
    SLICE_X5Y105         LUT6 (Prop_lut6_I1_O)        0.045     0.317 r  C0/sclk[5]_i_1/O
                         net (fo=1, routed)           0.000     0.317    C0/plusOp[5]
    SLICE_X5Y105         FDRE                                         r  C0/sclk_reg[5]/D
  -------------------------------------------------------------------    -------------------

Slack:                    inf
  Source:                 C0/sclk_reg[1]/C
                            (rising edge-triggered cell FDRE)
  Destination:            C0/sclk_reg[4]/D
  Path Group:             (none)
  Path Type:              Min at Fast Process Corner
  Data Path Delay:        0.319ns  (logic 0.189ns (59.230%)  route 0.130ns (40.770%))
  Logic Levels:           2  (FDRE=1 LUT5=1)

    Location             Delay type                Incr(ns)  Path(ns)    Netlist Resource(s)
  -------------------------------------------------------------------    -------------------
    SLICE_X4Y105         FDRE                         0.000     0.000 r  C0/sclk_reg[1]/C
    SLICE_X4Y105         FDRE (Prop_fdre_C_Q)         0.141     0.141 r  C0/sclk_reg[1]/Q
                         net (fo=7, routed)           0.130     0.271    C0/sclk_reg[1]
    SLICE_X5Y105         LUT5 (Prop_lut5_I2_O)        0.048     0.319 r  C0/sclk[4]_i_1/O
                         net (fo=1, routed)           0.000     0.319    C0/plusOp[4]
    SLICE_X5Y105         FDRE                                         r  C0/sclk_reg[4]/D
  -------------------------------------------------------------------    -------------------

Slack:                    inf
  Source:                 C0/Aout_reg/C
                            (rising edge-triggered cell FDRE)
  Destination:            C1/FSM_sequential_curState_reg[1]/D
  Path Group:             (none)
  Path Type:              Min at Fast Process Corner
  Data Path Delay:        0.328ns  (logic 0.186ns (56.653%)  route 0.142ns (43.347%))
  Logic Levels:           2  (FDRE=1 LUT6=1)

    Location             Delay type                Incr(ns)  Path(ns)    Netlist Resource(s)
  -------------------------------------------------------------------    -------------------
    SLICE_X1Y106         FDRE                         0.000     0.000 r  C0/Aout_reg/C
    SLICE_X1Y106         FDRE (Prop_fdre_C_Q)         0.141     0.141 f  C0/Aout_reg/Q
                         net (fo=8, routed)           0.142     0.283    C1/AO
    SLICE_X0Y106         LUT6 (Prop_lut6_I0_O)        0.045     0.328 r  C1/FSM_sequential_curState[1]_i_1/O
                         net (fo=1, routed)           0.000     0.328    C1/nextState__0[1]
    SLICE_X0Y106         FDCE                                         r  C1/FSM_sequential_curState_reg[1]/D
  -------------------------------------------------------------------    -------------------

Slack:                    inf
  Source:                 C0/Aout_reg/C
                            (rising edge-triggered cell FDRE)
  Destination:            C1/FSM_sequential_curState_reg[2]/D
  Path Group:             (none)
  Path Type:              Min at Fast Process Corner
  Data Path Delay:        0.329ns  (logic 0.186ns (56.481%)  route 0.143ns (43.519%))
  Logic Levels:           2  (FDRE=1 LUT6=1)

    Location             Delay type                Incr(ns)  Path(ns)    Netlist Resource(s)
  -------------------------------------------------------------------    -------------------
    SLICE_X1Y106         FDRE                         0.000     0.000 r  C0/Aout_reg/C
    SLICE_X1Y106         FDRE (Prop_fdre_C_Q)         0.141     0.141 r  C0/Aout_reg/Q
                         net (fo=8, routed)           0.143     0.284    C1/AO
    SLICE_X0Y106         LUT6 (Prop_lut6_I4_O)        0.045     0.329 r  C1/FSM_sequential_curState[2]_i_1/O
                         net (fo=1, routed)           0.000     0.329    C1/nextState__0[2]
    SLICE_X0Y106         FDCE                                         r  C1/FSM_sequential_curState_reg[2]/D
  -------------------------------------------------------------------    -------------------

Slack:                    inf
  Source:                 C1/EncOut_reg[1]/C
                            (rising edge-triggered cell FDCE)
  Destination:            C1/EncOut_reg[3]/D
  Path Group:             (none)
  Path Type:              Min at Fast Process Corner
  Data Path Delay:        0.353ns  (logic 0.186ns (52.666%)  route 0.167ns (47.334%))
  Logic Levels:           2  (FDCE=1 LUT6=1)

    Location             Delay type                Incr(ns)  Path(ns)    Netlist Resource(s)
  -------------------------------------------------------------------    -------------------
    SLICE_X0Y104         FDCE                         0.000     0.000 r  C1/EncOut_reg[1]/C
    SLICE_X0Y104         FDCE (Prop_fdce_C_Q)         0.141     0.141 r  C1/EncOut_reg[1]/Q
                         net (fo=12, routed)          0.167     0.308    C1/Q[1]
    SLICE_X0Y104         LUT6 (Prop_lut6_I3_O)        0.045     0.353 r  C1/EncOut[3]_i_1/O
                         net (fo=1, routed)           0.000     0.353    C1/EncOut[3]_i_1_n_0
    SLICE_X0Y104         FDCE                                         r  C1/EncOut_reg[3]/D
  -------------------------------------------------------------------    -------------------

Slack:                    inf
  Source:                 C1/EncOut_reg[1]/C
                            (rising edge-triggered cell FDCE)
  Destination:            C1/EncOut_reg[2]/D
  Path Group:             (none)
  Path Type:              Min at Fast Process Corner
  Data Path Delay:        0.354ns  (logic 0.186ns (52.518%)  route 0.168ns (47.482%))
  Logic Levels:           2  (FDCE=1 LUT6=1)

    Location             Delay type                Incr(ns)  Path(ns)    Netlist Resource(s)
  -------------------------------------------------------------------    -------------------
    SLICE_X0Y104         FDCE                         0.000     0.000 r  C1/EncOut_reg[1]/C
    SLICE_X0Y104         FDCE (Prop_fdce_C_Q)         0.141     0.141 r  C1/EncOut_reg[1]/Q
                         net (fo=12, routed)          0.168     0.309    C1/Q[1]
    SLICE_X0Y104         LUT6 (Prop_lut6_I5_O)        0.045     0.354 r  C1/EncOut[2]_i_1/O
                         net (fo=1, routed)           0.000     0.354    C1/EncOut[2]_i_1_n_0
    SLICE_X0Y104         FDCE                                         r  C1/EncOut_reg[2]/D
  -------------------------------------------------------------------    -------------------

Slack:                    inf
  Source:                 C0/sclk_reg[6]/C
                            (rising edge-triggered cell FDRE)
  Destination:            C0/sclk_reg[6]/D
  Path Group:             (none)
  Path Type:              Min at Fast Process Corner
  Data Path Delay:        0.359ns  (logic 0.186ns (51.801%)  route 0.173ns (48.199%))
  Logic Levels:           2  (FDRE=1 LUT2=1)

    Location             Delay type                Incr(ns)  Path(ns)    Netlist Resource(s)
  -------------------------------------------------------------------    -------------------
    SLICE_X4Y105         FDRE                         0.000     0.000 r  C0/sclk_reg[6]/C
    SLICE_X4Y105         FDRE (Prop_fdre_C_Q)         0.141     0.141 r  C0/sclk_reg[6]/Q
                         net (fo=3, routed)           0.173     0.314    C0/sclk_reg[6]
    SLICE_X4Y105         LUT2 (Prop_lut2_I1_O)        0.045     0.359 r  C0/sclk[6]_i_1/O
                         net (fo=1, routed)           0.000     0.359    C0/plusOp[6]
    SLICE_X4Y105         FDRE                                         r  C0/sclk_reg[6]/D
  -------------------------------------------------------------------    -------------------

Slack:                    inf
  Source:                 C1/FSM_sequential_curState_reg[1]/C
                            (rising edge-triggered cell FDCE)
  Destination:            C1/FSM_sequential_curState_reg[3]/D
  Path Group:             (none)
  Path Type:              Min at Fast Process Corner
  Data Path Delay:        0.367ns  (logic 0.186ns (50.739%)  route 0.181ns (49.261%))
  Logic Levels:           2  (FDCE=1 LUT6=1)

    Location             Delay type                Incr(ns)  Path(ns)    Netlist Resource(s)
  -------------------------------------------------------------------    -------------------
    SLICE_X0Y106         FDCE                         0.000     0.000 r  C1/FSM_sequential_curState_reg[1]/C
    SLICE_X0Y106         FDCE (Prop_fdce_C_Q)         0.141     0.141 r  C1/FSM_sequential_curState_reg[1]/Q
                         net (fo=10, routed)          0.181     0.322    C1/curState[1]
    SLICE_X0Y106         LUT6 (Prop_lut6_I1_O)        0.045     0.367 r  C1/FSM_sequential_curState[3]_i_1/O
                         net (fo=1, routed)           0.000     0.367    C1/nextState__0[3]
    SLICE_X0Y106         FDCE                                         r  C1/FSM_sequential_curState_reg[3]/D
  -------------------------------------------------------------------    -------------------

Slack:                    inf
  Source:                 C1/FSM_sequential_curState_reg[1]/C
                            (rising edge-triggered cell FDCE)
  Destination:            C1/FSM_sequential_curState_reg[0]/D
  Path Group:             (none)
  Path Type:              Min at Fast Process Corner
  Data Path Delay:        0.368ns  (logic 0.186ns (50.580%)  route 0.182ns (49.420%))
  Logic Levels:           2  (FDCE=1 LUT6=1)

    Location             Delay type                Incr(ns)  Path(ns)    Netlist Resource(s)
  -------------------------------------------------------------------    -------------------
    SLICE_X0Y106         FDCE                         0.000     0.000 r  C1/FSM_sequential_curState_reg[1]/C
    SLICE_X0Y106         FDCE (Prop_fdce_C_Q)         0.141     0.141 r  C1/FSM_sequential_curState_reg[1]/Q
                         net (fo=10, routed)          0.182     0.323    C1/curState[1]
    SLICE_X0Y106         LUT6 (Prop_lut6_I3_O)        0.045     0.368 r  C1/FSM_sequential_curState[0]_i_1/O
                         net (fo=1, routed)           0.000     0.368    C1/nextState__0[0]
    SLICE_X0Y106         FDCE                                         r  C1/FSM_sequential_curState_reg[0]/D
  -------------------------------------------------------------------    -------------------





